🤖 Khởi động Trình duyệt Tự động hóa...
Khởi động trình duyệt (Persistent Session)...
  => Đang thử khởi động Google Chrome chính chủ...
  ✓ Đã khởi động Google Chrome thành công!
  ✅ Stealth mode (playwright-stealth) đã kích hoạt
  ✅ Custom JS Stealth đã được tiêm vào trang

--- 🌐 Đang chạy trên: RONGBAY.COM ---
Đang đăng nhập rongbay.com (VietID) với tài khoản: binh.officedanang@gmail.com
- Mở form đăng nhập...
  ✓ Đã click mở đăng nhập bằng selector: a.hm_link_login
- Đợi form đăng nhập xuất hiện...
  ... Đang đợi form VietID (1s)...
  => Phát hiện form đăng nhập trên trang chính
- Nhập tài khoản (email)...
  ✓ Đã nhập email: binh.officedanang@gmail.com
- Click Tiếp tục...
  ✓ Đã click Tiếp tục: button.btn-next.btn-login
- Nhập mật khẩu...
  ✓ Đã nhập mật khẩu thành công
- Click Đăng nhập...
  ✓ Đã click Đăng nhập: button.btn-next.btn-login
- Đợi điều hướng về rongbay.com...
  ⚠️ Chờ điều hướng timeout (Timeout 19186ms exceeded.
=========================== logs ===========================
"domcontentloaded" event fired
============================================================), tự chuyển về rongbay.com...
=> Hoàn tất luồng đăng nhập. URL: https://rongbay.com/
   Trạng thái: ⚠️ Chưa xác nhận đăng nhập
❌ Đăng nhập Rongbay thất bại!

--- 🌐 Đang chạy trên: THUVIENNHADAT.VN ---
Đang đăng nhập thuviennhadat.vn với tài khoản: 0935723727
=> Đăng nhập thuviennhadat.vn thành công!
Bắt đầu đăng tin trên ThuVienNhaDat: Văn phòng cho thuê 265m2 tại tòa nhà PHI LONG TECHNOLOGY, Hải Châu
  => Bắt đầu cào ảnh từ nguồn: https://officedanang.vn/property/toa-nha-phi-long-technology/...
  => Tìm thấy 5 ảnh phù hợp. Đang tải...
    ✓ Đã tải: img_1.jpg
    ✓ Đã tải: img_2.jpg
    ✓ Đã tải: img_3.jpg
    ✓ Đã tải: img_4.jpg
    ✓ Đã tải: img_5.jpg
- Bước 1: Chọn Nhu cầu...
- Điền địa chỉ...
- Chọn Loại Nhà Đất...
  => Điền giá quy đổi: 419200 VND/m²/tháng
- Thêm liên hệ...
  => Điền thông tin liên hệ: Bình Office Danang
  => Đã thêm/cập nhật thông tin liên hệ thành công
- Điền tiêu đề & mô tả...
- Click Tiếp tục sang Bước 2...
- Tải lên hình ảnh...
  => Đã tải lên 5 ảnh thành công
- Click Tiếp tục sang Bước 3...
- Chọn gói đăng tin Tiêu chuẩn (Miễn phí)...
- Chọn thời hạn đăng tin 30 ngày...
  => Đã chọn 30 ngày qua selector: div.tag.__card-post-days[data-postdaysid='22']
  📸 Đã chụp screenshot: thuviennhadat_step3_debug.png
  => Đã lưu ảnh chụp và mã HTML của Bước 3 để phân tích
- Click Tiếp tục sang bước thanh toán/xác nhận...
  => Đã click nút Tiếp tục sang màn xác nhận qua Playwright
- Click Đăng tin...
  => Đã click nút Đăng tin qua Playwright thành công
  => URL hiện tại: https://thuviennhadat.vn/dang-tin?tab=3
  ✅ ĐĂNG TIN THUVIENNHADAT THÀNH CÔNG!
  => Mã tin đăng: 175501

--- 🌐 Đang chạy trên: NHADATVIET247.NET ---
Đang đăng nhập vào nhadatviet247.net với tài khoản: binhofficedanang
  ✓ Đăng nhập thành công trên nhadatviet247.net
Bắt đầu đăng tin trên nhadatviet247.net: Văn phòng cho thuê 265m2 tại tòa nhà PHI LONG TECHNOLOGY, Hải Châu
  ✅ Giải CAPTCHA thành công qua Local OCR! Mã: 28562
  📸 Đã chụp screenshot: nhadatviet247_net_form_filled.png
🎉 Đăng tin nhadatviet247.net thành công! URL: http://nhadatviet247.net/dang-tin.html

🏁 Đã hoàn thành tiến trình đăng bài trên tất cả các trang được chọn!
✅ Đăng tin thành công trên các kênh: thuviennhadat.vn, nhadatviet247.net
❌ Đăng tin thất bại trên các kênh: rongbay.com
Đóng trình duyệt...
🔒 Trình duyệt Playwright đã đóng.
