🤖 Khởi động Trình duyệt Tự động hóa...
Khởi động trình duyệt (Persistent Session)...
  => Đang thử khởi động Google Chrome chính chủ...
  ✓ Đã khởi động Google Chrome thành công!
  ℹ️ Đang chạy ở chế độ có giao diện (headful) bằng Chrome chính chủ. Không áp dụng stealth để tránh bị Cloudflare phát hiện bất thường.

--- 🌐 Đang chạy trên: MUABAN.NET ---
Đang đăng nhập muaban.net với tài khoản: 0935723727
- Truy cập trang đăng nhập muaban.net...
- Kiểm tra trạng thái đăng nhập hoặc chờ form...
  URL hiện tại: https://muaban.net/account/login
  Title hiện tại: Website mua bán và tìm việc nhanh chóng, hiệu quả, an toàn hàng đầu tại Việt Nam
- Nhập số điện thoại...
  ✅ Đã nhập số điện thoại: 0935723727
- Nhập mật khẩu...
  ✅ Đã nhập mật khẩu
  📸 Đã chụp screenshot: muaban_before_submit.png
- Click nút Đăng nhập...
  ✅ Đã click submit
- Chờ kết quả đăng nhập...
  URL sau khi đăng nhập: https://muaban.net/account/login
  Title sau khi đăng nhập: Mua bán đăng tin rao vặt miễn phí nhanh chóng, hiệu quả 2026 - Muaban.net
  📸 Đã chụp screenshot: muaban_after_submit.png
  ❌ Login thất bại! Vẫn ở trang login. Lỗi: 
❌ Đăng nhập Muaban thất bại!

🏁 Đã hoàn thành tiến trình đăng bài trên tất cả các trang được chọn!
❌ Không có kênh nào đăng tin thành công!
❌ Đăng tin thất bại trên các kênh: muaban.net
Đóng trình duyệt...
🔒 Trình duyệt Playwright đã đóng.
