Khởi động trình duyệt (Persistent Session)...
  => Đang thử khởi động Google Chrome chính chủ...
  ✓ Đã khởi động Google Chrome thành công!
  ✅ Stealth mode (playwright-stealth) đã kích hoạt
  ✅ Custom JS Stealth đã được tiêm vào trang

--- [ RAOVAT.NET ] ---
[raovat.net] Bắt đầu đăng tin bằng Hybrid Selector Runner...
[raovat.net] Đi tới trang đăng nhập: https://raovat.net/dang-nhap
[raovat.net] Điền tài khoản: binh.officedanang@gmail.com
[raovat.net] Click Đăng nhập
[raovat.net] Đi tới trang đăng tin: https://raovat.net/dang-tin-11-Nha-cua-Dat-dai
[raovat.net] Thực hiện chọn danh mục qua 2 click chuột...
  - Click 1: .sub-cate[onclick*='51']
  - Click 2: #btnNextStep button
[raovat.net] Đang điền form bài viết...
  => Bắt đầu cào ảnh từ nguồn: https://officedanang.vn/property/toa-nha-cloud-9-van-phong-cho-thue/...
  => Tìm thấy 5 ảnh phù hợp. Đang tải...
    ✓ Đã tải: img_1.jpg
    ✓ Đã tải: img_2.jpg
    ✓ Đã tải: img_3.jpg
    ✓ Đã tải: img_4.jpg
    ✓ Đã tải: img_5.jpg
[raovat.net] Tải lên 5 hình ảnh...
[raovat.net] Đã chụp ảnh màn hình lưu tại: debug_raovat.net_form_filled.png
[raovat.net] [DRY-RUN] Dừng lại trước khi bấm nút đăng tin.

--- [ THUVIENNHADAT.VN ] ---
[thuviennhadat.vn] Thông tin selectors chưa được lưu trong database.
🤖 [AI-REPAIR] Đăng tin bằng Hybrid Selector thất bại. Đang gọi AI Selector Generator...
⚙️ [AI-REPAIR] Đang chạy lệnh: /Users/binhihi/Binhihi Antigravity/venv/bin/python3 ai_selector_generator.py --site thuviennhadat.vn --headless
=== BẮT ĐẦU QUÉT AI ĐỂ SINH SELECTORS CHO TRANG: thuviennhadat.vn ===
🤖 Đang khởi chạy AI Agent...
❌ Không nhận được kết quả cấu trúc từ AI.

⚠️ Fallback về code cứng cho thuviennhadat.vn...
Đang đăng nhập thuviennhadat.vn với tài khoản: 0935723727
=> Đăng nhập thuviennhadat.vn thành công!
Bắt đầu đăng tin trên ThuVienNhaDat: Văn phòng cho thuê 220m2 tại tòa nhà CLOUD 9, Hải Châu
  => Bắt đầu cào ảnh từ nguồn: https://officedanang.vn/property/toa-nha-cloud-9-van-phong-cho-thue/...
  => Tìm thấy 5 ảnh phù hợp. Đang tải...
    ✓ Đã tải: img_1.jpg
    ✓ Đã tải: img_2.jpg
    ✓ Đã tải: img_3.jpg
    ✓ Đã tải: img_4.jpg
    ✓ Đã tải: img_5.jpg
- Bước 1: Chọn Nhu cầu...
- Điền địa chỉ...
- Chọn Loại Nhà Đất...
  => Điền giá quy đổi: 262000 VND/m²/tháng
- Thêm liên hệ...
  => Điền thông tin liên hệ: Mr Bình
  => Đã thêm/cập nhật thông tin liên hệ thành công
- Điền tiêu đề & mô tả...
- Click Tiếp tục sang Bước 2...
- Tải lên hình ảnh...
  => Đã tải lên 5 ảnh thành công
- Click Tiếp tục sang Bước 3...
- Chọn gói đăng tin Tiêu chuẩn (Miễn phí)...
- Chọn thời hạn đăng tin 30 ngày...
  => Đã chọn 30 ngày qua selector: div.tag.__card-post-days[data-postdaysid='22']
  📸 Đã chụp screenshot: thuviennhadat_step3_debug.png
  => Đã lưu ảnh chụp và mã HTML của Bước 3 để phân tích
- Click Tiếp tục sang bước thanh toán/xác nhận...
  => Đã click nút Tiếp tục sang màn xác nhận qua Playwright
- Click Đăng tin...
  => Đã click nút Đăng tin qua Playwright thành công
  => URL hiện tại: https://thuviennhadat.vn/dang-tin?tab=3
  ✅ ĐĂNG TIN THUVIENNHADAT THÀNH CÔNG!
  => Mã tin đăng: 178291

--- [ 123NHADATVIET.COM ] ---
[123nhadatviet.com] Thông tin selectors chưa được lưu trong database.
🤖 [AI-REPAIR] Đăng tin bằng Hybrid Selector thất bại. Đang gọi AI Selector Generator...
⚙️ [AI-REPAIR] Đang chạy lệnh: /Users/binhihi/Binhihi Antigravity/venv/bin/python3 ai_selector_generator.py --site 123nhadatviet.com --headless
=== BẮT ĐẦU QUÉT AI ĐỂ SINH SELECTORS CHO TRANG: 123nhadatviet.com ===
🤖 Đang khởi chạy AI Agent...
❌ Không nhận được kết quả cấu trúc từ AI.

⚠️ Fallback về code cứng cho 123nhadatviet.com...
Đang đăng nhập vào 123nhadatviet.com với tài khoản: binhofficedanang
  ✓ Đăng nhập thành công trên 123nhadatviet.com
Bắt đầu đăng tin trên 123nhadatviet.com: Văn phòng cho thuê 220m2 tại tòa nhà CLOUD 9, Hải Châu
  ✅ Giải CAPTCHA thành công qua Local OCR! Mã: 314
  📸 Đã chụp screenshot: 123nhadatviet_com_form_filled.png
🎉 Đăng tin 123nhadatviet.com thành công! URL: https://123nhadatviet.com/dang-tin.html

--- [ NHADATVIET247.NET ] ---
[nhadatviet247.net] Thông tin selectors chưa được lưu trong database.
🤖 [AI-REPAIR] Đăng tin bằng Hybrid Selector thất bại. Đang gọi AI Selector Generator...
⚙️ [AI-REPAIR] Đang chạy lệnh: /Users/binhihi/Binhihi Antigravity/venv/bin/python3 ai_selector_generator.py --site nhadatviet247.net --headless
=== BẮT ĐẦU QUÉT AI ĐỂ SINH SELECTORS CHO TRANG: nhadatviet247.net ===
🤖 Đang khởi chạy AI Agent...
❌ Không nhận được kết quả cấu trúc từ AI.

⚠️ Fallback về code cứng cho nhadatviet247.net...
Đang đăng nhập vào nhadatviet247.net với tài khoản: binhofficedanang
  ✓ Đăng nhập thành công trên nhadatviet247.net
Bắt đầu đăng tin trên nhadatviet247.net: Văn phòng cho thuê 220m2 tại tòa nhà CLOUD 9, Hải Châu
  ✅ Giải CAPTCHA thành công qua Local OCR! Mã: 17688
  📸 Đã chụp screenshot: nhadatviet247_net_form_filled.png
🎉 Đăng tin nhadatviet247.net thành công! URL: http://nhadatviet247.net/dang-tin.html

--- [ DATVIET24H.COM.VN ] ---
[datviet24h.com.vn] Thông tin selectors chưa được lưu trong database.
🤖 [AI-REPAIR] Đăng tin bằng Hybrid Selector thất bại. Đang gọi AI Selector Generator...
⚙️ [AI-REPAIR] Đang chạy lệnh: /Users/binhihi/Binhihi Antigravity/venv/bin/python3 ai_selector_generator.py --site datviet24h.com.vn --headless
=== BẮT ĐẦU QUÉT AI ĐỂ SINH SELECTORS CHO TRANG: datviet24h.com.vn ===
🤖 Đang khởi chạy AI Agent...
❌ Không nhận được kết quả cấu trúc từ AI.

⚠️ Fallback về code cứng cho datviet24h.com.vn...
Đang kiểm tra trạng thái đăng nhập hoặc đăng nhập vào datviet24h.com.vn...
=> Chưa đăng nhập. Tiến hành truy cập trang đăng nhập của datviet24h.com.vn...
⚠️ Vẫn ở trang đăng nhập datviet24h.com.vn. Có thể có CAPTCHA hoặc thông tin đăng nhập sai.
  📸 Đã chụp screenshot: datviet24h_com_vn_login_failed.png
❌ Đăng nhập DatViet24h thất bại!

--- [ MUABANDANANG.VN ] ---
[muabandanang.vn] Thông tin selectors chưa được lưu trong database.
🤖 [AI-REPAIR] Đăng tin bằng Hybrid Selector thất bại. Đang gọi AI Selector Generator...
⚙️ [AI-REPAIR] Đang chạy lệnh: /Users/binhihi/Binhihi Antigravity/venv/bin/python3 ai_selector_generator.py --site muabandanang.vn --headless
=== BẮT ĐẦU QUÉT AI ĐỂ SINH SELECTORS CHO TRANG: muabandanang.vn ===
🤖 Đang khởi chạy AI Agent...
❌ Không nhận được kết quả cấu trúc từ AI.

⚠️ Fallback về code cứng cho muabandanang.vn...
Đang kiểm tra trạng thái đăng nhập hoặc đăng nhập vào muabandanang.vn...
Chưa đăng nhập. Truy cập trang đăng nhập muabandanang.vn...
✓ Đăng nhập thành công trên muabandanang.vn
Bắt đầu đăng tin trên muabandanang.vn: Văn phòng cho thuê 220m2 tại tòa nhà CLOUD 9, Hải Châu
  => Bắt đầu cào ảnh từ nguồn: https://officedanang.vn/property/toa-nha-cloud-9-van-phong-cho-thue/...
  => Tìm thấy 5 ảnh phù hợp. Đang tải...
    ✓ Đã tải: img_1.jpg
    ✓ Đã tải: img_2.jpg
    ✓ Đã tải: img_3.jpg
    ✓ Đã tải: img_4.jpg
    ✓ Đã tải: img_5.jpg
  ✓ Đã upload 5 ảnh.
  📸 Đã chụp screenshot: muabandanang_filled.png
  📸 Đã chụp screenshot: muabandanang_posted.png
✓ Đăng tin thành công trên muabandanang.vn

--- [ PHONGTRO123.COM ] ---
[phongtro123.com] Thông tin selectors chưa được lưu trong database.
🤖 [AI-REPAIR] Đăng tin bằng Hybrid Selector thất bại. Đang gọi AI Selector Generator...
⚙️ [AI-REPAIR] Đang chạy lệnh: /Users/binhihi/Binhihi Antigravity/venv/bin/python3 ai_selector_generator.py --site phongtro123.com --headless
=== BẮT ĐẦU QUÉT AI ĐỂ SINH SELECTORS CHO TRANG: phongtro123.com ===
🤖 Đang khởi chạy AI Agent...
❌ Không nhận được kết quả cấu trúc từ AI.

⚠️ Fallback về code cứng cho phongtro123.com...
Đang kiểm tra trạng thái đăng nhập phongtro123.com...
Chưa đăng nhập. Truy cập trang đăng nhập phongtro123.com...
❌ Lỗi đăng nhập phongtro123.com: Page.fill: Timeout 30000ms exceeded.
Call log:
waiting for locator("input[name='phone'], input#phone, input[placeholder*='Số điện thoại']")

❌ Đăng nhập PhongTro123 thất bại!

--- [ THUEPHONGTRO.COM ] ---
[thuephongtro.com] Thông tin selectors chưa được lưu trong database.
🤖 [AI-REPAIR] Đăng tin bằng Hybrid Selector thất bại. Đang gọi AI Selector Generator...
⚙️ [AI-REPAIR] Đang chạy lệnh: /Users/binhihi/Binhihi Antigravity/venv/bin/python3 ai_selector_generator.py --site thuephongtro.com --headless
=== BẮT ĐẦU QUÉT AI ĐỂ SINH SELECTORS CHO TRANG: thuephongtro.com ===
🤖 Đang khởi chạy AI Agent...
❌ Không nhận được kết quả cấu trúc từ AI.

⚠️ Fallback về code cứng cho thuephongtro.com...
Đang kiểm tra trạng thái đăng nhập thuephongtro.com...
Chưa đăng nhập. Truy cập trang đăng nhập thuephongtro.com...
✓ Đăng nhập thành công trên thuephongtro.com
Bắt đầu đăng tin trên thuephongtro.com: Văn phòng cho thuê 220m2 tại tòa nhà CLOUD 9, Hải Châu
  => Bắt đầu cào ảnh từ nguồn: https://officedanang.vn/property/toa-nha-cloud-9-van-phong-cho-thue/...
  => Tìm thấy 5 ảnh phù hợp. Đang tải...
    ✓ Đã tải: img_1.jpg
    ✓ Đã tải: img_2.jpg
    ✓ Đã tải: img_3.jpg
    ✓ Đã tải: img_4.jpg
    ✓ Đã tải: img_5.jpg
  ✓ Đã chọn option 'Đà Nẵng' cho select#ddlProvince
  ✓ Đã chọn option 'Hải Châu' cho select#ddlDistrict
  ✓ Đã chọn option 'Phường Hòa Cường Bắc' cho select#ddlWard
  ⚠️ Không tìm thấy option chứa 'văn phòng' trong select#ddlPostCate
  📸 Đã chụp screenshot: thuephongtro_filled.png
✓ Đăng tin thuephongtro.com hoàn tất

--- [ NHACHOTHUE.VN ] ---
[nhachothue.vn] Thông tin selectors chưa được lưu trong database.
🤖 [AI-REPAIR] Đăng tin bằng Hybrid Selector thất bại. Đang gọi AI Selector Generator...
⚙️ [AI-REPAIR] Đang chạy lệnh: /Users/binhihi/Binhihi Antigravity/venv/bin/python3 ai_selector_generator.py --site nhachothue.vn --headless
=== BẮT ĐẦU QUÉT AI ĐỂ SINH SELECTORS CHO TRANG: nhachothue.vn ===
🤖 Đang khởi chạy AI Agent...

🎉 AI đã phân tích và trích xuất thành công selectors!
❌ Lỗi trong quá trình chạy AI Agent: 'str' object has no attribute 'model_dump'

🔄 [AI-REPAIR] Thử chạy lại Hybrid Selector sau khi đã cập nhật selectors...
[nhachothue.vn] Thông tin selectors chưa được lưu trong database.
⚠️ Fallback về code cứng cho nhachothue.vn...
Đang kiểm tra trạng thái đăng nhập nhachothue.vn...
Chưa đăng nhập. Mở modal login trên nhachothue.vn...
⚠️ Đăng nhập nhachothue.vn thất bại hoặc cần xác thực thêm.
  📸 Đã chụp screenshot: nhachothue_login_failed.png
❌ Đăng nhập NhaChoThue thất bại!

🏁 Đã hoàn thành tiến trình đăng bài trên tất cả các trang được chọn!
✅ Đăng tin thành công trên các kênh: raovat.net, thuviennhadat.vn, 123nhadatviet.com, nhadatviet247.net, muabandanang.vn, thuephongtro.com
❌ Đăng tin thất bại trên các kênh: datviet24h.com.vn, phongtro123.com, nhachothue.vn
Đóng trình duyệt...
🔒 Trình duyệt Playwright đã đóng.
