🤖 Khởi động Trình duyệt Tự động hóa...
Khởi động trình duyệt (Persistent Session)...

--- 🌐 Đang chạy trên: RONGBAY.COM ---
Đang đăng nhập rongbay.com (VietID) với tài khoản: binh.officedanang@gmail.com
- Mở form đăng nhập...
  => Không tìm thấy iframe, thực hiện đăng nhập trên trang chính (có thể đã redirect)
- Nhập tài khoản...
  ✓ Đã nhập tài khoản bằng selector: input[type='text']
- Click Tiếp tục...
=> Lỗi khi đăng nhập rongbay: Page.click: Timeout 30000ms exceeded.
Call log:
waiting for locator("button:has-text('Tiếp tục'), .btn-next, button.btn")

❌ Đăng nhập Rongbay thất bại!

--- 🌐 Đang chạy trên: RAOVAT.NET ---
Đang đăng nhập raovat.net với email: binh.officedanang@gmail.com
=> Đăng nhập thành công (user: binh.officedanang)
Bắt đầu đăng tin Raovat: Cho thuê diện tích văn phòng 205m2 tại INDOCHINA RIVERSIDE Hải Châu
  => Bắt đầu cào ảnh từ nguồn: https://officedanang.vn/property/toa-nha-indochina-riverside/...
  => Tìm thấy 5 ảnh phù hợp. Đang tải...
    ✓ Đã tải: img_1.jpg
    ✓ Đã tải: img_2.jpg
    ✓ Đã tải: img_3.jpg
    ✓ Đã tải: img_4.jpg
    ✓ Đã tải: img_5.jpg
- Bước 1: Chọn danh mục...
  => URL step 2: https://raovat.net/dang-tin-11-Nha-cua-Dat-dai
- Bước 2: Điền tiêu đề...
  ⚠️ Cảnh báo: Tiêu đề > 50 ký tự, tự động cắt còn: 'Cho thuê diện tích văn phòng 205m2 tại INDOCHINA R'
- Chọn loại tin (Thuê - Cho thuê) bằng JS...
- Chọn thành phố (Đà Nẵng) và Quận huyện bằng JS...
  => Đang chọn Quận/Huyện: Hải Châu
  => Đã chọn xong Tỉnh thành & Quận huyện
- Điền giá...
  => Giá quy đổi: 118162000 VNĐ/tháng
- Điền nội dung...
- Điền từ khóa...
- Tải lên hình ảnh bài viết...
  => Đã kích hoạt JS Upload All cho 5 ảnh
- Đóng modal popup nếu có...
- Đăng tin (dùng JS submit để tránh bị modal chặn)...
  => URL: https://raovat.net/dang-tin?step=2
  => Title: Rao vặt - Đăng tin rao vặt
  ✅ ĐĂNG TIN RAOVAT THÀNH CÔNG (Đã ghi nhận trên hệ thống)!
=> Hoàn tất đăng tin Raovat ✓

--- 🌐 Đang chạy trên: THUVIENNHADAT.VN ---
Đang đăng nhập thuviennhadat.vn với tài khoản: 0935723727
=> Đăng nhập thuviennhadat.vn thành công!
Bắt đầu đăng tin trên ThuVienNhaDat: Cho thuê diện tích văn phòng 205m2 tại INDOCHINA RIVERSIDE Hải Châu
  => Bắt đầu cào ảnh từ nguồn: https://officedanang.vn/property/toa-nha-indochina-riverside/...
  => Tìm thấy 5 ảnh phù hợp. Đang tải...
    ✓ Đã tải: img_1.jpg
    ✓ Đã tải: img_2.jpg
    ✓ Đã tải: img_3.jpg
    ✓ Đã tải: img_4.jpg
    ✓ Đã tải: img_5.jpg
- Bước 1: Chọn Nhu cầu...
- Điền địa chỉ...
- Chọn Loại Nhà Đất...
  => Điền giá quy đổi: 576400 VND/m²/tháng
- Thêm liên hệ...
  => Điền thông tin liên hệ: Mr Bình
  => Đã thêm/cập nhật thông tin liên hệ thành công
- Điền tiêu đề & mô tả...
- Click Tiếp tục sang Bước 2...
- Tải lên hình ảnh...
  => Đã tải lên 5 ảnh thành công
- Click Tiếp tục sang Bước 3...
- Chọn gói đăng tin Tiêu chuẩn (Miễn phí)...
- Chọn thời hạn đăng tin 30 ngày...
  => Đã thử chọn 30 ngày qua JS evaluation
  📸 Đã chụp screenshot: thuviennhadat_step3_debug.png
  => Đã lưu ảnh chụp và mã HTML của Bước 3 để phân tích
- Click Tiếp tục sang bước thanh toán/xác nhận...
  => Đã click nút Tiếp tục sang màn xác nhận qua Playwright
- Click Đăng tin...
  => Đã click nút Đăng tin qua Playwright thành công
  => URL hiện tại: https://thuviennhadat.vn/dang-tin?tab=3
  ⚠️ Hãy kiểm tra lại trạng thái tin đăng trong trang Quản lý tin.
❌ Đăng tin Thuviennhadat thất bại!

--- 🌐 Đang chạy trên: MUABAN.NET ---
Đang đăng nhập muaban.net với tài khoản: 0935723727
  ⚠️ CẢNH BÁO: Trình duyệt đang chạy ở chế độ ẩn danh (headless).
  ⚠️ Ở chế độ này, Cloudflare Turnstile có thể phát hiện và chặn tự động.
  ⚠️ Nếu bot bị kẹt hoặc đăng nhập thất bại, vui lòng bỏ chọn 'Chạy ẩn danh' trên Streamlit App.
- Truy cập trang đăng nhập muaban.net...
  ⏳ Đang chờ Cloudflare... (0s) - Title: 'Just a moment...' - URL: https://muaban.net/account/login?__cf_chl_rt_tk=5BipNQeZpRAV
  ⏳ Đang chờ Cloudflare... (3s) - Title: 'Chờ một chút...' - URL: https://muaban.net/account/login
  ⏳ Đang chờ Cloudflare... (6s) - Title: 'Chờ một chút...' - URL: https://muaban.net/account/login
  ⏳ Đang chờ Cloudflare... (9s) - Title: 'Chờ một chút...' - URL: https://muaban.net/account/login
  ⏳ Đang chờ Cloudflare... (12s) - Title: 'Chờ một chút...' - URL: https://muaban.net/account/login
  ⏳ Đang chờ Cloudflare... (15s) - Title: 'Chờ một chút...' - URL: https://muaban.net/account/login
  ⏳ Đang chờ Cloudflare... (18s) - Title: 'Chờ một chút...' - URL: https://muaban.net/account/login
  ⏳ Đang chờ Cloudflare... (21s) - Title: 'Chờ một chút...' - URL: https://muaban.net/account/login
  ⏳ Đang chờ Cloudflare... (24s) - Title: 'Chờ một chút...' - URL: https://muaban.net/account/login
  ⏳ Đang chờ Cloudflare... (27s) - Title: 'Chờ một chút...' - URL: https://muaban.net/account/login
  ⏳ Đang chờ Cloudflare... (30s) - Title: 'Chờ một chút...' - URL: https://muaban.net/account/login
  ⏳ Đang chờ Cloudflare... (33s) - Title: 'Chờ một chút...' - URL: https://muaban.net/account/login
  ⏳ Đang chờ Cloudflare... (36s) - Title: 'Chờ một chút...' - URL: https://muaban.net/account/login
  ⏳ Đang chờ Cloudflare... (39s) - Title: 'Chờ một chút...' - URL: https://muaban.net/account/login
  ⏳ Đang chờ Cloudflare... (42s) - Title: 'Chờ một chút...' - URL: https://muaban.net/account/login
  ⚠️ Timeout chờ Cloudflare. Thử tiếp tục...
- Kiểm tra trạng thái đăng nhập hoặc chờ form...
  URL hiện tại: https://muaban.net/account/login
  Title hiện tại: Chờ một chút...
  ⚠️ Không tìm thấy form đăng nhập. Chờ thêm 5 giây...
- Nhập số điện thoại...
  ❌ Lỗi nhập số điện thoại: Locator.click: Timeout 5000ms exceeded.
Call log:
waiting for locator("#phone, input[name='phone'], input[type='tel']").first

  📸 Đã chụp screenshot: muaban_login_phone_error.png
❌ Đăng nhập Muaban thất bại! Hãy thiết lập session ở sidebar.

🏁 Đã hoàn thành tiến trình đăng bài trên tất cả các trang được chọn!
✅ Đăng tin thành công trên các kênh: raovat.net
❌ Đăng tin thất bại trên các kênh: rongbay.com, thuviennhadat.vn, muaban.net
Đóng trình duyệt...
🔒 Trình duyệt Playwright đã đóng.
