🤖 Khởi động Trình duyệt Tự động hóa...
Khởi động trình duyệt (Persistent Session)...
  => Đang thử khởi động Google Chrome chính chủ...
  ✓ Đã khởi động Google Chrome thành công!
  ✅ Stealth mode (playwright-stealth) đã kích hoạt
  ✅ Custom JS Stealth đã được tiêm vào trang

--- 🌐 Đang chạy trên: DATVIET24H.COM.VN ---
Đang đăng nhập vào datviet24h.com.vn với tài khoản: binhofficedanang
⚠️ Vẫn ở trang đăng nhập datviet24h.com.vn. Có thể có CAPTCHA hoặc thông tin đăng nhập sai.
  📸 Đã chụp screenshot: datviet24h_com_vn_login_failed.png
❌ Đăng nhập DatViet24h thất bại!

--- 🌐 Đang chạy trên: LUACHONNHADAT.VN ---
LuaChonNhaDat.vn sử dụng cơ chế đăng nhập/đăng tin qua Email. Bỏ qua đăng nhập trước.
Bắt đầu đăng tin trên luachonnhadat.vn: Cho thuê văn phòng trống 600m2 cực đẹp ở tòa nhà DẦU KHÍ PVFC, Hải Châu
  => Bắt đầu cào ảnh từ nguồn: https://officedanang.vn/property/toa-nha-dau-khi-pvfc/...
  => Tìm thấy 5 ảnh phù hợp. Đang tải...
    ✓ Đã tải: img_1.jpg
    ✓ Đã tải: img_2.jpg
    ✓ Đã tải: img_3.jpg
    ✓ Đã tải: img_4.jpg
    ✓ Đã tải: img_5.jpg
  ✓ Điền email bước 1: binh.officedanang@gmail.com
❌ Lỗi đăng tin luachonnhadat.vn: cannot unpack non-iterable int object
  📸 Đã chụp screenshot: luachonnhadat_post_error.png
❌ Đăng tin LuaChonNhaDat thất bại!

--- 🌐 Đang chạy trên: DANGTINBATDONGSAN.VN ---
Đang đăng nhập vào dangtinbatdongsan.vn với tài khoản: binhofficedanang
⚠️ Vẫn ở trang đăng nhập dangtinbatdongsan.vn.
  📸 Đã chụp screenshot: dangtinbatdongsan_login_failed.png
❌ Đăng nhập DangTinBatDongSan thất bại!

--- 🌐 Đang chạy trên: DIAOCANPHU.COM ---
Đang đăng nhập vào diaocanphu.com với tài khoản: binhofficedanang
⚠️ Vẫn ở trang đăng nhập diaocanphu.com. Có thể có CAPTCHA hoặc thông tin đăng nhập sai.
  📸 Đã chụp screenshot: diaocanphu_com_login_failed.png
❌ Đăng nhập DiaOcAnPhu thất bại!

🏁 Đã hoàn thành tiến trình đăng bài trên tất cả các trang được chọn!
❌ Không có kênh nào đăng tin thành công!
❌ Đăng tin thất bại trên các kênh: datviet24h.com.vn, luachonnhadat.vn, dangtinbatdongsan.vn, diaocanphu.com
Đóng trình duyệt...
🔒 Trình duyệt Playwright đã đóng.
