🤖 Khởi động Trình duyệt Tự động hóa...
Khởi động trình duyệt (Persistent Session)...
  => Đang thử khởi động Google Chrome chính chủ...
  ✓ Đã khởi động Google Chrome thành công!
  ✅ Stealth mode (playwright-stealth) đã kích hoạt
  ✅ Custom JS Stealth đã được tiêm vào trang

--- 🌐 Đang chạy trên: THUVIENNHADAT.VN ---
Đang đăng nhập thuviennhadat.vn với tài khoản: 0935723727
=> Đăng nhập thuviennhadat.vn thành công!
Bắt đầu đăng tin trên ThuVienNhaDat: Văn phòng cho thuê 170m2 tại tòa nhà RINWA BUILDING, Cẩm Lệ
  => Bắt đầu cào ảnh từ nguồn: https://officedanang.vn/property/toa-nha-rinwa-building/...
  => Tìm thấy 5 ảnh phù hợp. Đang tải...
    ✓ Đã tải: img_1.jpg
    ✓ Đã tải: img_2.jpg
    ✓ Đã tải: img_3.jpg
    ✓ Đã tải: img_4.jpg
    ✓ Đã tải: img_5.jpg
- Bước 1: Chọn Nhu cầu...
- Điền địa chỉ...
- Chọn Loại Nhà Đất...
  => Điền giá quy đổi: 288200 VND/m²/tháng
- Thêm liên hệ...
  => Điền thông tin liên hệ: Bình Office Danang
  => Đã thêm/cập nhật thông tin liên hệ thành công
- Điền tiêu đề & mô tả...
- Click Tiếp tục sang Bước 2...
- Tải lên hình ảnh...
  => Đã tải lên 5 ảnh thành công
- Click Tiếp tục sang Bước 3...
- Chọn gói đăng tin Tiêu chuẩn (Miễn phí)...
- Chọn thời hạn đăng tin 30 ngày...
  => Đã chọn 30 ngày qua selector: div.tag.__card-post-days[data-postdaysid='22']
  📸 Đã chụp screenshot: thuviennhadat_step3_debug.png
  => Đã lưu ảnh chụp và mã HTML của Bước 3 để phân tích
- Click Tiếp tục sang bước thanh toán/xác nhận...
  => Đã click nút Tiếp tục sang màn xác nhận qua Playwright
- Click Đăng tin...
  => Đã click nút Đăng tin qua Playwright thành công
  => URL hiện tại: https://thuviennhadat.vn/dang-tin?tab=3
  ✅ ĐĂNG TIN THUVIENNHADAT THÀNH CÔNG!
  => Mã tin đăng: 175123

--- 🌐 Đang chạy trên: MUABAN.NET ---
Đang đăng nhập muaban.net với tài khoản: 0935723727
- Truy cập trang đăng nhập muaban.net...
- Kiểm tra trạng thái đăng nhập hoặc chờ form...
  URL hiện tại: https://muaban.net/account/login
  Title hiện tại: Website mua bán và tìm việc nhanh chóng, hiệu quả, an toàn hàng đầu tại Việt Nam
- Nhập số điện thoại...
  ✅ Đã nhập số điện thoại: 0935723727
- Nhập mật khẩu...
  ✅ Đã nhập mật khẩu
  📸 Đã chụp screenshot: muaban_before_submit.png
- Click nút Đăng nhập...
  ✅ Đã click submit
- Chờ kết quả đăng nhập...
  URL sau khi đăng nhập: https://muaban.net/account/login
  Title sau khi đăng nhập: Website mua bán và tìm việc nhanh chóng, hiệu quả, an toàn hàng đầu tại Việt Nam
  📸 Đã chụp screenshot: muaban_after_submit.png
  ❌ Login thất bại! Vẫn ở trang login. Lỗi: 
❌ Đăng nhập Muaban thất bại!

🏁 Đã hoàn thành tiến trình đăng bài trên tất cả các trang được chọn!
✅ Đăng tin thành công trên các kênh: thuviennhadat.vn
❌ Đăng tin thất bại trên các kênh: muaban.net
Đóng trình duyệt...
🔒 Trình duyệt Playwright đã đóng.
