🤖 Khởi động Trình duyệt Tự động hóa...
Khởi động trình duyệt (Persistent Session)...
  => Đang thử khởi động Google Chrome chính chủ...
  ✓ Đã khởi động Google Chrome thành công!
  ✅ Stealth mode (playwright-stealth) đã kích hoạt
  ✅ Custom JS Stealth đã được tiêm vào trang

--- 🌐 Đang chạy trên: RAOVAT.NET ---
Đang đăng nhập raovat.net với email: binh.officedanang@gmail.com
=> Đăng nhập thành công (user: binh.officedanang)
Bắt đầu đăng tin Raovat: Cho thuê sàn văn phòng 214m2 ở 4B TOWER - Q. Thanh Khê
  => Bắt đầu cào ảnh từ nguồn: https://officedanang.vn/property/toa-nha-4b-tower/...
  => Tìm thấy 5 ảnh phù hợp. Đang tải...
    ✓ Đã tải: img_1.jpg
    ✓ Đã tải: img_2.jpg
    ✓ Đã tải: img_3.jpg
    ✓ Đã tải: img_4.jpg
    ✓ Đã tải: img_5.jpg
- Bước 1: Chọn danh mục...
- Đợi nút Tiếp tục sẵn sàng và click...
  => URL step 2: https://raovat.net/dang-tin-11-Nha-cua-Dat-dai
- Bước 2: Điền tiêu đề...
  ⚠️ Cảnh báo: Tiêu đề > 50 ký tự, tự động cắt còn: 'Cho thuê sàn văn phòng 214m2 ở 4B TOWER - Q. Thanh'
- Chọn loại tin (Thuê - Cho thuê) bằng JS...
- Chọn thành phố (Đà Nẵng) và Quận huyện bằng JS...
  => Đang chọn Quận/Huyện: Thanh Khê
  => Đã chọn xong Tỉnh thành & Quận huyện
- Điền giá...
  => Giá quy đổi: 77040000 VNĐ/tháng
- Điền nội dung...
- Điền từ khóa...
- Tải lên hình ảnh bài viết...
  => Đã kích hoạt JS Upload All cho 5 ảnh
- Đóng modal popup nếu có...
- Đăng tin (dùng JS submit để tránh bị modal chặn)...
  => URL: https://raovat.net/dang-tin?step=2
  => Title: Rao vặt - Đăng tin rao vặt
  ✅ ĐĂNG TIN RAOVAT THÀNH CÔNG (Đã ghi nhận trên hệ thống)!
=> Hoàn tất đăng tin Raovat ✓

--- 🌐 Đang chạy trên: THUVIENNHADAT.VN ---
Đang đăng nhập thuviennhadat.vn với tài khoản: 0935723727
=> Đăng nhập thuviennhadat.vn thành công!
Bắt đầu đăng tin trên ThuVienNhaDat: Cho thuê sàn văn phòng 214m2 ở 4B TOWER - Q. Thanh Khê
  => Bắt đầu cào ảnh từ nguồn: https://officedanang.vn/property/toa-nha-4b-tower/...
  => Tìm thấy 5 ảnh phù hợp. Đang tải...
    ✓ Đã tải: img_1.jpg
    ✓ Đã tải: img_2.jpg
    ✓ Đã tải: img_3.jpg
    ✓ Đã tải: img_4.jpg
    ✓ Đã tải: img_5.jpg
- Bước 1: Chọn Nhu cầu...
- Điền địa chỉ...
- Chọn Loại Nhà Đất...
  => Điền giá quy đổi: 360000 VND/m²/tháng
- Thêm liên hệ...
  => Điền thông tin liên hệ: Thiên Bình
  => Đã thêm/cập nhật thông tin liên hệ thành công
- Điền tiêu đề & mô tả...
- Click Tiếp tục sang Bước 2...
- Tải lên hình ảnh...
  => Đã tải lên 5 ảnh thành công
- Click Tiếp tục sang Bước 3...
- Chọn gói đăng tin Tiêu chuẩn (Miễn phí)...
- Chọn thời hạn đăng tin 30 ngày...
  => Đã chọn 30 ngày qua selector: div.tag.__card-post-days[data-postdaysid='22']
  📸 Đã chụp screenshot: thuviennhadat_step3_debug.png
  => Đã lưu ảnh chụp và mã HTML của Bước 3 để phân tích
- Click Tiếp tục sang bước thanh toán/xác nhận...
  => Đã click nút Tiếp tục sang màn xác nhận qua Playwright
- Click Đăng tin...
  => Đã click nút Đăng tin qua Playwright thành công
  => URL hiện tại: https://thuviennhadat.vn/dang-tin?tab=3
  ✅ ĐĂNG TIN THUVIENNHADAT THÀNH CÔNG!
  => Mã tin đăng: 178045

--- 🌐 Đang chạy trên: DATVIET24H.COM.VN ---
Đang kiểm tra trạng thái đăng nhập hoặc đăng nhập vào datviet24h.com.vn...
=> Chưa đăng nhập. Tiến hành truy cập trang đăng nhập của datviet24h.com.vn...
⚠️ Vẫn ở trang đăng nhập datviet24h.com.vn. Có thể có CAPTCHA hoặc thông tin đăng nhập sai.
  📸 Đã chụp screenshot: datviet24h_com_vn_login_failed.png
❌ Đăng nhập DatViet24h thất bại!

--- 🌐 Đang chạy trên: MUABANDANANG.VN ---
Đang kiểm tra trạng thái đăng nhập hoặc đăng nhập vào muabandanang.vn...
Chưa đăng nhập. Truy cập trang đăng nhập muabandanang.vn...
✓ Đăng nhập thành công trên muabandanang.vn
Bắt đầu đăng tin trên muabandanang.vn: Cho thuê sàn văn phòng 214m2 ở 4B TOWER - Q. Thanh Khê
  => Bắt đầu cào ảnh từ nguồn: https://officedanang.vn/property/toa-nha-4b-tower/...
  => Tìm thấy 5 ảnh phù hợp. Đang tải...
    ✓ Đã tải: img_1.jpg
    ✓ Đã tải: img_2.jpg
    ✓ Đã tải: img_3.jpg
    ✓ Đã tải: img_4.jpg
    ✓ Đã tải: img_5.jpg
  ✓ Đã upload 5 ảnh.
  📸 Đã chụp screenshot: muabandanang_filled.png
  📸 Đã chụp screenshot: muabandanang_posted.png
✓ Đăng tin thành công trên muabandanang.vn

--- 🌐 Đang chạy trên: PHONGTRO123.COM ---
Đang kiểm tra trạng thái đăng nhập phongtro123.com...
✓ Đã đăng nhập trước đó trên phongtro123.com
Bắt đầu đăng tin trên phongtro123.com: Cho thuê sàn văn phòng 214m2 ở 4B TOWER - Q. Thanh Khê
  => Bắt đầu cào ảnh từ nguồn: https://officedanang.vn/property/toa-nha-4b-tower/...
  => Tìm thấy 5 ảnh phù hợp. Đang tải...
    ✓ Đã tải: img_1.jpg
    ✓ Đã tải: img_2.jpg
    ✓ Đã tải: img_3.jpg
    ✓ Đã tải: img_4.jpg
    ✓ Đã tải: img_5.jpg
  ✓ Đã chọn option 'Cho thuê mặt bằng + Văn phòng' cho select#post_cat
  ✓ Đã chọn option 'Đà Nẵng' cho select#province_id
  ✓ Đã chọn option 'Quận Hải Châu' cho select#district_id
  ✓ Đã chọn option 'Phường Hòa Cường (P. Bình Thuận, P. Hòa Thuận Tây, P. Hòa Cường Bắc, P. Hòa Cường Nam cũ)' cho select#phuongxa_new
  📸 Đã chụp screenshot: phongtro123_filled.png
✓ Đăng tin phongtro123.com hoàn tất

--- 🌐 Đang chạy trên: THUEPHONGTRO.COM ---
Đang kiểm tra trạng thái đăng nhập thuephongtro.com...
Chưa đăng nhập. Truy cập trang đăng nhập thuephongtro.com...
✓ Đăng nhập thành công trên thuephongtro.com
Bắt đầu đăng tin trên thuephongtro.com: Cho thuê sàn văn phòng 214m2 ở 4B TOWER - Q. Thanh Khê
  => Bắt đầu cào ảnh từ nguồn: https://officedanang.vn/property/toa-nha-4b-tower/...
  => Tìm thấy 5 ảnh phù hợp. Đang tải...
    ✓ Đã tải: img_1.jpg
    ✓ Đã tải: img_2.jpg
    ✓ Đã tải: img_3.jpg
    ✓ Đã tải: img_4.jpg
    ✓ Đã tải: img_5.jpg
  ✓ Đã chọn option 'Đà Nẵng' cho select#ddlProvince
  ✓ Đã chọn option 'Hải Châu' cho select#ddlDistrict
  ✓ Đã chọn option 'Phường Hòa Cường Bắc' cho select#ddlWard
  ⚠️ Không tìm thấy option chứa 'văn phòng' trong select#ddlPostCate
  📸 Đã chụp screenshot: thuephongtro_filled.png
✓ Đăng tin thuephongtro.com hoàn tất

--- 🌐 Đang chạy trên: NHACHOTHUE.VN ---
Đang kiểm tra trạng thái đăng nhập nhachothue.vn...
Chưa đăng nhập. Mở modal login trên nhachothue.vn...
⚠️ Đăng nhập nhachothue.vn thất bại hoặc cần xác thực thêm.
  📸 Đã chụp screenshot: nhachothue_login_failed.png
❌ Đăng nhập NhaChoThue thất bại!

🏁 Đã hoàn thành tiến trình đăng bài trên tất cả các trang được chọn!
✅ Đăng tin thành công trên các kênh: raovat.net, thuviennhadat.vn, muabandanang.vn, phongtro123.com, thuephongtro.com
❌ Đăng tin thất bại trên các kênh: datviet24h.com.vn, nhachothue.vn
Đóng trình duyệt...
🔒 Trình duyệt Playwright đã đóng.
