--- POSTER BOT ---
Khởi động trình duyệt...

--- [RAOVAT.NET] ---
Đang đăng nhập raovat.net với email: binh.officedanang@gmail.com
=> Đăng nhập thành công (user: binh.officedanang)
Bắt đầu đăng tin Raovat: Cho thuê văn phòng Toà nhà SHB - Nguyễn Văn Linh, Hải Châu, Đà Nẵng
  => Bắt đầu cào ảnh từ nguồn: https://officedanang.vn/property/toa-nha-shb/...
  => Tìm thấy 5 ảnh phù hợp. Đang tải...
    ✓ Đã tải: img_1.jpg
    ✓ Đã tải: img_2.jpg
    ✓ Đã tải: img_3.jpg
    ✓ Đã tải: img_4.jpg
    ✓ Đã tải: img_5.jpg
- Bước 1: Chọn danh mục...
  => URL step 2: https://raovat.net/dang-tin-11-Nha-cua-Dat-dai
- Bước 2: Điền tiêu đề...
  ⚠️ Cảnh báo: Tiêu đề > 50 ký tự, tự động cắt còn: 'Cho thuê văn phòng Toà nhà SHB - Nguyễn Văn Linh,'
- Chọn loại tin (Thuê - Cho thuê) bằng JS...
- Chọn thành phố (Đà Nẵng) và Quận huyện bằng JS...
  => Đang chọn Quận/Huyện: Hải Châu
  => Đã chọn xong Tỉnh thành & Quận huyện
- Điền giá...
  => Giá quy đổi: 144297400 VNĐ/tháng
- Điền nội dung...
- Điền từ khóa...
- Tải lên hình ảnh bài viết...
  => Đã kích hoạt JS Upload All cho 5 ảnh
- Đóng modal popup nếu có...
- Đăng tin (dùng JS submit để tránh bị modal chặn)...
  => URL: https://raovat.net/dang-tin?step=2
  => Title: Rao vặt - Đăng tin rao vặt
  ⚠️  Kiểm tra thủ công trên raovat.net
=> Hoàn tất đăng tin Raovat ✓

--- [THUVIENNHADAT.VN] ---
Đang đăng nhập thuviennhadat.vn với tài khoản: 0935723727
=> Đăng nhập thuviennhadat.vn thành công!
Bắt đầu đăng tin trên ThuVienNhaDat: Cho thuê văn phòng Toà nhà SHB - Nguyễn Văn Linh, Hải Châu, Đà Nẵng
  => Bắt đầu cào ảnh từ nguồn: https://officedanang.vn/property/toa-nha-shb/...
  => Tìm thấy 5 ảnh phù hợp. Đang tải...
    ✓ Đã tải: img_1.jpg
    ✓ Đã tải: img_2.jpg
    ✓ Đã tải: img_3.jpg
    ✓ Đã tải: img_4.jpg
    ✓ Đã tải: img_5.jpg
- Bước 1: Chọn Nhu cầu...
- Điền địa chỉ...
- Chọn Loại Nhà Đất...
  => Điền giá quy đổi: 330200 VND/m²/tháng
- Thêm liên hệ...
  => Đã thêm/cập nhật thông tin liên hệ thành công
- Điền tiêu đề & mô tả...
- Click Tiếp tục sang Bước 2...
- Tải lên hình ảnh...
  => Đã tải lên 5 ảnh thành công
- Click Tiếp tục sang Bước 3...
- Chọn gói đăng tin Tiêu chuẩn (Miễn phí)...
  => Đã lưu ảnh chụp và mã HTML của Bước 3 để phân tích
- Click Đăng tin...
  ⚠️ Nút Đăng tin bị ẩn hoặc không thể click trực tiếp, thử click bằng JavaScript...
  => Đã gửi lệnh click JS cho nút Đăng tin (.final-step-btn)
  => URL hiện tại: https://thuviennhadat.vn/dang-tin?tab=3
  ⚠️ Hãy kiểm tra lại trạng thái tin đăng trong trang Quản lý tin.
Đóng trình duyệt...
--- KẾT THÚC ---
